foundry-doctor 1.0.0 profile=default

ERROR FND-001 azure.yaml:1
  evidence: line1 line2 [31m
  fingerprint: 1fa9e96a455ab38b3800ef8810a379ae

WARNING FND-002 infra/main.bicep:12:3
  evidence: note=plain | `x` <script>
  recommendation: Use *managed* identity
  docs: https://learn.microsoft.com/azure/foundry
  fingerprint: ae02222094d6c45ef5986f980f956b72

Skipped checks (skipped is not passed):
  FND-010: optional scanner missing
  FND-020 [required]: az not signed in

Summary: 1 error, 1 warning, 0 info; 1 suppressed, 1 baselined; 2 skipped; exit code 1
